Component: ARM Compiler 5.06 update 4 (build 422) Tool: armlink [4d35d2]

==============================================================================

Section Cross References

    main.o(.text) refers to usart.o(.text) for uart_init
    main.o(.text) refers to actionprocess.o(.text) for Action_PacketProcess
    main.o(.text) refers to communcation.o(.text) for COMM_Parsing
    main.o(.text) refers to main.o(.bss) for .bss
    startup_stm32f10x_hd.o(RESET) refers to startup_stm32f10x_hd.o(STACK) for __initial_sp
    startup_stm32f10x_hd.o(RESET) refers to startup_stm32f10x_hd.o(.text) for Reset_Handler
    startup_stm32f10x_hd.o(RESET) refers to usart.o(.text) for USART1_IRQHandler
    startup_stm32f10x_hd.o(.text) refers to entry.o(.ARM.Collect$$$$00000000) for __main
    actionprocess.o(.text) refers to communcation.o(.text) for COMM_BuildAndSendPacket
    actionprocess.o(.text) refers to memcpya.o(.text) for __aeabi_memcpy
    actionprocess.o(.text) refers to firmwaremanage.o(.text) for FirmwareMange_ReadFirmwareInfo
    actionprocess.o(.text) refers to stmflash.o(.text) for STMFLASH_EraseAll
    actionprocess.o(.text) refers to actionprocess.o(.bss) for .bss
    communcation.o(.text) refers to usart.o(.text) for UartSendString
    communcation.o(.text) refers to communcation.o(.bss) for .bss
    crc32.o(.text) refers to crc32.o(.constdata) for .constdata
    firmwaremanage.o(.text) refers to crc32.o(.text) for CRC32
    firmwaremanage.o(.text) refers to memcpya.o(.text) for __aeabi_memcpy4
    firmwaremanage.o(.text) refers to stmflash.o(.text) for STMFLASH_EraseAll
    usart.o(.text) refers to main.o(.text) for ReceiveParsing
    usart.o(.text) refers to ffltui.o(.text) for __aeabi_ui2f
    usart.o(.text) refers to fdiv.o(.text) for __aeabi_fdiv
    usart.o(.text) refers to ffixui.o(.text) for __aeabi_f2uiz
    usart.o(.text) refers to fadd.o(.text) for __aeabi_frsub
    usart.o(.text) refers to fscalb.o(.text) for __ARM_scalbnf
    usart.o(.text) refers to sys.o(.text) for MY_NVIC_Init
    entry.o(.ARM.Collect$$$$00000000) refers (Special) to entry10a.o(.ARM.Collect$$$$0000000D) for __rt_final_cpp
    entry.o(.ARM.Collect$$$$00000000) refers (Special) to entry11a.o(.ARM.Collect$$$$0000000F) for __rt_final_exit
    entry.o(.ARM.Collect$$$$00000000) refers (Special) to entry7b.o(.ARM.Collect$$$$00000008) for _main_clock
    entry.o(.ARM.Collect$$$$00000000) refers (Special) to entry8b.o(.ARM.Collect$$$$0000000A) for _main_cpp_init
    entry.o(.ARM.Collect$$$$00000000) refers (Special) to entry9a.o(.ARM.Collect$$$$0000000B) for _main_init
    entry.o(.ARM.Collect$$$$00000000) refers (Special) to entry5.o(.ARM.Collect$$$$00000004) for _main_scatterload
    entry.o(.ARM.Collect$$$$00000000) refers (Special) to entry2.o(.ARM.Collect$$$$00000001) for _main_stk
    fadd.o(.text) refers (Special) to iusefp.o(.text) for __I$use$fp
    fadd.o(.text) refers to fepilogue.o(.text) for _float_epilogue
    fdiv.o(.text) refers (Special) to iusefp.o(.text) for __I$use$fp
    fdiv.o(.text) refers to fepilogue.o(.text) for _float_round
    fscalb.o(.text) refers (Special) to iusefp.o(.text) for __I$use$fp
    ffltui.o(.text) refers (Special) to iusefp.o(.text) for __I$use$fp
    ffltui.o(.text) refers to fepilogue.o(.text) for _float_epilogue
    ffixui.o(.text) refers (Special) to iusefp.o(.text) for __I$use$fp
    entry2.o(.ARM.Collect$$$$00000001) refers to entry2.o(.ARM.Collect$$$$00002712) for __lit__00000000
    entry2.o(.ARM.Collect$$$$00002712) refers to startup_stm32f10x_hd.o(STACK) for __initial_sp
    entry2.o(__vectab_stack_and_reset_area) refers to startup_stm32f10x_hd.o(STACK) for __initial_sp
    entry2.o(__vectab_stack_and_reset_area) refers to entry.o(.ARM.Collect$$$$00000000) for __main
    entry5.o(.ARM.Collect$$$$00000004) refers to init.o(.text) for __scatterload
    entry9a.o(.ARM.Collect$$$$0000000B) refers to main.o(.text) for main
    entry9b.o(.ARM.Collect$$$$0000000C) refers to main.o(.text) for main
    init.o(.text) refers to entry5.o(.ARM.Collect$$$$00000004) for __main_after_scatterload


==============================================================================

Removing Unused input sections from the image.

    Removing main.o(.rev16_text), (4 bytes).
    Removing main.o(.revsh_text), (4 bytes).
    Removing main.o(.rrx_text), (6 bytes).
    Removing startup_stm32f10x_hd.o(HEAP), (1024 bytes).
    Removing actionprocess.o(.rev16_text), (4 bytes).
    Removing actionprocess.o(.revsh_text), (4 bytes).
    Removing actionprocess.o(.rrx_text), (6 bytes).
    Removing stmflash.o(.rev16_text), (4 bytes).
    Removing stmflash.o(.revsh_text), (4 bytes).
    Removing stmflash.o(.rrx_text), (6 bytes).
    Removing communcation.o(.rev16_text), (4 bytes).
    Removing communcation.o(.revsh_text), (4 bytes).
    Removing communcation.o(.rrx_text), (6 bytes).
    Removing communcation.o(.constdata), (1 bytes).
    Removing communcation.o(.constdata), (1 bytes).
    Removing communcation.o(.constdata), (1 bytes).
    Removing crc32.o(.rev16_text), (4 bytes).
    Removing crc32.o(.revsh_text), (4 bytes).
    Removing crc32.o(.rrx_text), (6 bytes).
    Removing firmwaremanage.o(.rev16_text), (4 bytes).
    Removing firmwaremanage.o(.revsh_text), (4 bytes).
    Removing firmwaremanage.o(.rrx_text), (6 bytes).
    Removing usart.o(.rev16_text), (4 bytes).
    Removing usart.o(.revsh_text), (4 bytes).
    Removing usart.o(.rrx_text), (6 bytes).
    Removing sys.o(.rev16_text), (4 bytes).
    Removing sys.o(.revsh_text), (4 bytes).
    Removing sys.o(.rrx_text), (6 bytes).

28 unused section(s) (total 1139 bytes) removed from the image.

==============================================================================

Image Symbol Table

    Local Symbols

    Symbol Name                              Value     Ov Type        Size  Object(Section)

    ../clib/microlib/init/entry.s            0x00000000   Number         0  entry2.o ABSOLUTE
    ../clib/microlib/init/entry.s            0x00000000   Number         0  entry9a.o ABSOLUTE
    ../clib/microlib/init/entry.s            0x00000000   Number         0  entry8b.o ABSOLUTE
    ../clib/microlib/init/entry.s            0x00000000   Number         0  entry8a.o ABSOLUTE
    ../clib/microlib/init/entry.s            0x00000000   Number         0  entry.o ABSOLUTE
    ../clib/microlib/init/entry.s            0x00000000   Number         0  entry7b.o ABSOLUTE
    ../clib/microlib/init/entry.s            0x00000000   Number         0  entry7a.o ABSOLUTE
    ../clib/microlib/init/entry.s            0x00000000   Number         0  entry5.o ABSOLUTE
    ../clib/microlib/init/entry.s            0x00000000   Number         0  entry11b.o ABSOLUTE
    ../clib/microlib/init/entry.s            0x00000000   Number         0  entry11a.o ABSOLUTE
    ../clib/microlib/init/entry.s            0x00000000   Number         0  entry10b.o ABSOLUTE
    ../clib/microlib/init/entry.s            0x00000000   Number         0  entry10a.o ABSOLUTE
    ../clib/microlib/init/entry.s            0x00000000   Number         0  entry9b.o ABSOLUTE
    ../clib/microlib/string/memcpy.c         0x00000000   Number         0  memcpya.o ABSOLUTE
    ../clib/microlib/string/memcpy.c         0x00000000   Number         0  memcpyb.o ABSOLUTE
    ../clib/microlib/stubs.s                 0x00000000   Number         0  iusefp.o ABSOLUTE
    ../fplib/microlib/fpadd.c                0x00000000   Number         0  fadd.o ABSOLUTE
    ../fplib/microlib/fpdiv.c                0x00000000   Number         0  fdiv.o ABSOLUTE
    ../fplib/microlib/fpepilogue.c           0x00000000   Number         0  fepilogue.o ABSOLUTE
    ../fplib/microlib/fpfix.c                0x00000000   Number         0  ffixui.o ABSOLUTE
    ../fplib/microlib/fpflt.c                0x00000000   Number         0  ffltui.o ABSOLUTE
    ../fplib/microlib/fpscalb.c              0x00000000   Number         0  fscalb.o ABSOLUTE
    ..\Drive\CRC32\CRC32.c                   0x00000000   Number         0  crc32.o ABSOLUTE
    ..\Drive\Communcation\Communcation.c     0x00000000   Number         0  communcation.o ABSOLUTE
    ..\Drive\FirmwareManage\FirmwareManage.c 0x00000000   Number         0  firmwaremanage.o ABSOLUTE
    ..\Drive\STMFLASH\stmflash.c             0x00000000   Number         0  stmflash.o ABSOLUTE
    ..\SYSTEM\sys\sys.c                      0x00000000   Number         0  sys.o ABSOLUTE
    ..\SYSTEM\usart\usart.c                  0x00000000   Number         0  usart.o ABSOLUTE
    ..\User\ActionProcess.c                  0x00000000   Number         0  actionprocess.o ABSOLUTE
    ..\User\main.c                           0x00000000   Number         0  main.o ABSOLUTE
    ..\User\startup_stm32f10x_hd.s           0x00000000   Number         0  startup_stm32f10x_hd.o ABSOLUTE
    ..\\Drive\\CRC32\\CRC32.c                0x00000000   Number         0  crc32.o ABSOLUTE
    ..\\Drive\\Communcation\\Communcation.c  0x00000000   Number         0  communcation.o ABSOLUTE
    ..\\Drive\\FirmwareManage\\FirmwareManage.c 0x00000000   Number         0  firmwaremanage.o ABSOLUTE
    ..\\Drive\\STMFLASH\\stmflash.c          0x00000000   Number         0  stmflash.o ABSOLUTE
    ..\\SYSTEM\\sys\\sys.c                   0x00000000   Number         0  sys.o ABSOLUTE
    ..\\SYSTEM\\usart\\usart.c               0x00000000   Number         0  usart.o ABSOLUTE
    ..\\User\\ActionProcess.c                0x00000000   Number         0  actionprocess.o ABSOLUTE
    ..\\User\\main.c                         0x00000000   Number         0  main.o ABSOLUTE
    dc.s                                     0x00000000   Number         0  dc.o ABSOLUTE
    handlers.s                               0x00000000   Number         0  handlers.o ABSOLUTE
    init.s                                   0x00000000   Number         0  init.o ABSOLUTE
    RESET                                    0x08000000   Section      304  startup_stm32f10x_hd.o(RESET)
    .ARM.Collect$$$$00000000                 0x08000130   Section        0  entry.o(.ARM.Collect$$$$00000000)
    .ARM.Collect$$$$00000001                 0x08000130   Section        4  entry2.o(.ARM.Collect$$$$00000001)
    .ARM.Collect$$$$00000004                 0x08000134   Section        4  entry5.o(.ARM.Collect$$$$00000004)
    .ARM.Collect$$$$00000008                 0x08000138   Section        0  entry7b.o(.ARM.Collect$$$$00000008)
    .ARM.Collect$$$$0000000A                 0x08000138   Section        0  entry8b.o(.ARM.Collect$$$$0000000A)
    .ARM.Collect$$$$0000000B                 0x08000138   Section        8  entry9a.o(.ARM.Collect$$$$0000000B)
    .ARM.Collect$$$$0000000D                 0x08000140   Section        0  entry10a.o(.ARM.Collect$$$$0000000D)
    .ARM.Collect$$$$0000000F                 0x08000140   Section        0  entry11a.o(.ARM.Collect$$$$0000000F)
    .ARM.Collect$$$$00002712                 0x08000140   Section        4  entry2.o(.ARM.Collect$$$$00002712)
    __lit__00000000                          0x08000140   Data           4  entry2.o(.ARM.Collect$$$$00002712)
    .text                                    0x08000144   Section        0  main.o(.text)
    .text                                    0x08000178   Section       28  startup_stm32f10x_hd.o(.text)
    .text                                    0x08000194   Section        0  actionprocess.o(.text)
    .text                                    0x08000328   Section        0  stmflash.o(.text)
    .text                                    0x080004a0   Section        0  communcation.o(.text)
    DisposeESC                               0x080004d9   Thumb Code    54  communcation.o(.text)
    .text                                    0x08000634   Section        0  crc32.o(.text)
    .text                                    0x0800065c   Section        0  firmwaremanage.o(.text)
    checkInfo                                0x08000765   Thumb Code    32  firmwaremanage.o(.text)
    .text                                    0x0800078c   Section        0  usart.o(.text)
    .text                                    0x08000884   Section        0  sys.o(.text)
    .text                                    0x080009a8   Section        0  memcpya.o(.text)
    .text                                    0x080009cc   Section        0  fadd.o(.text)
    .text                                    0x08000a7c   Section        0  fdiv.o(.text)
    .text                                    0x08000af8   Section        0  fscalb.o(.text)
    .text                                    0x08000b10   Section        0  ffltui.o(.text)
    .text                                    0x08000b1a   Section        0  ffixui.o(.text)
    .text                                    0x08000b42   Section        0  iusefp.o(.text)
    .text                                    0x08000b42   Section        0  fepilogue.o(.text)
    .text                                    0x08000bb0   Section       36  init.o(.text)
    i.__scatterload_copy                     0x08000bd4   Section       14  handlers.o(i.__scatterload_copy)
    i.__scatterload_null                     0x08000be2   Section        2  handlers.o(i.__scatterload_null)
    i.__scatterload_zeroinit                 0x08000be4   Section       14  handlers.o(i.__scatterload_zeroinit)
    .constdata                               0x08000bf4   Section     1024  crc32.o(.constdata)
    crc32tab                                 0x08000bf4   Data        1024  crc32.o(.constdata)
    .bss                                     0x20000000   Section     1052  main.o(.bss)
    .bss                                     0x2000041c   Section     1168  actionprocess.o(.bss)
    .bss                                     0x200008ac   Section     2068  communcation.o(.bss)
    STACK                                    0x200010c0   Section     2048  startup_stm32f10x_hd.o(STACK)

    Global Symbols

    Symbol Name                              Value     Ov Type        Size  Object(Section)

    BuildAttributes$$THM_ISAv4$P$D$K$B$S$PE$A:L22UL41UL21$X:L11$S22US41US21$IEEE1$IW$USESV6$~STKCKD$USESV7$~SHL$OTIME$ROPI$EBA8$MICROLIB$REQ8$PRES8$EABIv2 0x00000000   Number         0  anon$$obj.o ABSOLUTE
    __ARM_use_no_argv                        0x00000000   Number         0  main.o ABSOLUTE
    __cpp_initialize__aeabi_                  - Undefined Weak Reference
    __cxa_finalize                            - Undefined Weak Reference
    __decompress                              - Undefined Weak Reference
    _clock_init                               - Undefined Weak Reference
    _microlib_exit                            - Undefined Weak Reference
    __Vectors_Size                           0x00000130   Number         0  startup_stm32f10x_hd.o ABSOLUTE
    __Vectors                                0x08000000   Data           4  startup_stm32f10x_hd.o(RESET)
    __Vectors_End                            0x08000130   Data           0  startup_stm32f10x_hd.o(RESET)
    __main                                   0x08000131   Thumb Code     0  entry.o(.ARM.Collect$$$$00000000)
    _main_stk                                0x08000131   Thumb Code     0  entry2.o(.ARM.Collect$$$$00000001)
    _main_scatterload                        0x08000135   Thumb Code     0  entry5.o(.ARM.Collect$$$$00000004)
    __main_after_scatterload                 0x08000139   Thumb Code     0  entry5.o(.ARM.Collect$$$$00000004)
    _main_clock                              0x08000139   Thumb Code     0  entry7b.o(.ARM.Collect$$$$00000008)
    _main_cpp_init                           0x08000139   Thumb Code     0  entry8b.o(.ARM.Collect$$$$0000000A)
    _main_init                               0x08000139   Thumb Code     0  entry9a.o(.ARM.Collect$$$$0000000B)
    __rt_final_cpp                           0x08000141   Thumb Code     0  entry10a.o(.ARM.Collect$$$$0000000D)
    __rt_final_exit                          0x08000141   Thumb Code     0  entry11a.o(.ARM.Collect$$$$0000000F)
    main                                     0x08000145   Thumb Code    40  main.o(.text)
    ReceiveParsing                           0x0800016d   Thumb Code     8  main.o(.text)
    Reset_Handler                            0x08000179   Thumb Code     4  startup_stm32f10x_hd.o(.text)
    NMI_Handler                              0x0800017d   Thumb Code     2  startup_stm32f10x_hd.o(.text)
    HardFault_Handler                        0x0800017f   Thumb Code     2  startup_stm32f10x_hd.o(.text)
    MemManage_Handler                        0x08000181   Thumb Code     2  startup_stm32f10x_hd.o(.text)
    BusFault_Handler                         0x08000183   Thumb Code     2  startup_stm32f10x_hd.o(.text)
    UsageFault_Handler                       0x08000185   Thumb Code     2  startup_stm32f10x_hd.o(.text)
    SVC_Handler                              0x08000187   Thumb Code     2  startup_stm32f10x_hd.o(.text)
    DebugMon_Handler                         0x08000189   Thumb Code     2  startup_stm32f10x_hd.o(.text)
    PendSV_Handler                           0x0800018b   Thumb Code     2  startup_stm32f10x_hd.o(.text)
    SysTick_Handler                          0x0800018d   Thumb Code     2  startup_stm32f10x_hd.o(.text)
    ADC1_2_IRQHandler                        0x0800018f   Thumb Code     0  startup_stm32f10x_hd.o(.text)
    ADC3_IRQHandler                          0x0800018f   Thumb Code     0  startup_stm32f10x_hd.o(.text)
    CAN1_RX1_IRQHandler                      0x0800018f   Thumb Code     0  startup_stm32f10x_hd.o(.text)
    CAN1_SCE_IRQHandler                      0x0800018f   Thumb Code     0  startup_stm32f10x_hd.o(.text)
    DMA1_Channel1_IRQHandler                 0x0800018f   Thumb Code     0  startup_stm32f10x_hd.o(.text)
    DMA1_Channel2_IRQHandler                 0x0800018f   Thumb Code     0  startup_stm32f10x_hd.o(.text)
    DMA1_Channel3_IRQHandler                 0x0800018f   Thumb Code     0  startup_stm32f10x_hd.o(.text)
    DMA1_Channel4_IRQHandler                 0x0800018f   Thumb Code     0  startup_stm32f10x_hd.o(.text)
    DMA1_Channel5_IRQHandler                 0x0800018f   Thumb Code     0  startup_stm32f10x_hd.o(.text)
    DMA1_Channel6_IRQHandler                 0x0800018f   Thumb Code     0  startup_stm32f10x_hd.o(.text)
    DMA1_Channel7_IRQHandler                 0x0800018f   Thumb Code     0  startup_stm32f10x_hd.o(.text)
    DMA2_Channel1_IRQHandler                 0x0800018f   Thumb Code     0  startup_stm32f10x_hd.o(.text)
    DMA2_Channel2_IRQHandler                 0x0800018f   Thumb Code     0  startup_stm32f10x_hd.o(.text)
    DMA2_Channel3_IRQHandler                 0x0800018f   Thumb Code     0  startup_stm32f10x_hd.o(.text)
    DMA2_Channel4_5_IRQHandler               0x0800018f   Thumb Code     0  startup_stm32f10x_hd.o(.text)
    EXTI0_IRQHandler                         0x0800018f   Thumb Code     0  startup_stm32f10x_hd.o(.text)
    EXTI15_10_IRQHandler                     0x0800018f   Thumb Code     0  startup_stm32f10x_hd.o(.text)
    EXTI1_IRQHandler                         0x0800018f   Thumb Code     0  startup_stm32f10x_hd.o(.text)
    EXTI2_IRQHandler                         0x0800018f   Thumb Code     0  startup_stm32f10x_hd.o(.text)
    EXTI3_IRQHandler                         0x0800018f   Thumb Code     0  startup_stm32f10x_hd.o(.text)
    EXTI4_IRQHandler                         0x0800018f   Thumb Code     0  startup_stm32f10x_hd.o(.text)
    EXTI9_5_IRQHandler                       0x0800018f   Thumb Code     0  startup_stm32f10x_hd.o(.text)
    FLASH_IRQHandler                         0x0800018f   Thumb Code     0  startup_stm32f10x_hd.o(.text)
    FSMC_IRQHandler                          0x0800018f   Thumb Code     0  startup_stm32f10x_hd.o(.text)
    I2C1_ER_IRQHandler                       0x0800018f   Thumb Code     0  startup_stm32f10x_hd.o(.text)
    I2C1_EV_IRQHandler                       0x0800018f   Thumb Code     0  startup_stm32f10x_hd.o(.text)
    I2C2_ER_IRQHandler                       0x0800018f   Thumb Code     0  startup_stm32f10x_hd.o(.text)
    I2C2_EV_IRQHandler                       0x0800018f   Thumb Code     0  startup_stm32f10x_hd.o(.text)
    PVD_IRQHandler                           0x0800018f   Thumb Code     0  startup_stm32f10x_hd.o(.text)
    RCC_IRQHandler                           0x0800018f   Thumb Code     0  startup_stm32f10x_hd.o(.text)
    RTCAlarm_IRQHandler                      0x0800018f   Thumb Code     0  startup_stm32f10x_hd.o(.text)
    RTC_IRQHandler                           0x0800018f   Thumb Code     0  startup_stm32f10x_hd.o(.text)
    SDIO_IRQHandler                          0x0800018f   Thumb Code     0  startup_stm32f10x_hd.o(.text)
    SPI1_IRQHandler                          0x0800018f   Thumb Code     0  startup_stm32f10x_hd.o(.text)
    SPI2_IRQHandler                          0x0800018f   Thumb Code     0  startup_stm32f10x_hd.o(.text)
    SPI3_IRQHandler                          0x0800018f   Thumb Code     0  startup_stm32f10x_hd.o(.text)
    TAMPER_IRQHandler                        0x0800018f   Thumb Code     0  startup_stm32f10x_hd.o(.text)
    TIM1_BRK_IRQHandler                      0x0800018f   Thumb Code     0  startup_stm32f10x_hd.o(.text)
    TIM1_CC_IRQHandler                       0x0800018f   Thumb Code     0  startup_stm32f10x_hd.o(.text)
    TIM1_TRG_COM_IRQHandler                  0x0800018f   Thumb Code     0  startup_stm32f10x_hd.o(.text)
    TIM1_UP_IRQHandler                       0x0800018f   Thumb Code     0  startup_stm32f10x_hd.o(.text)
    TIM2_IRQHandler                          0x0800018f   Thumb Code     0  startup_stm32f10x_hd.o(.text)
    TIM3_IRQHandler                          0x0800018f   Thumb Code     0  startup_stm32f10x_hd.o(.text)
    TIM4_IRQHandler                          0x0800018f   Thumb Code     0  startup_stm32f10x_hd.o(.text)
    TIM5_IRQHandler                          0x0800018f   Thumb Code     0  startup_stm32f10x_hd.o(.text)
    TIM6_IRQHandler                          0x0800018f   Thumb Code     0  startup_stm32f10x_hd.o(.text)
    TIM7_IRQHandler                          0x0800018f   Thumb Code     0  startup_stm32f10x_hd.o(.text)
    TIM8_BRK_IRQHandler                      0x0800018f   Thumb Code     0  startup_stm32f10x_hd.o(.text)
    TIM8_CC_IRQHandler                       0x0800018f   Thumb Code     0  startup_stm32f10x_hd.o(.text)
    TIM8_TRG_COM_IRQHandler                  0x0800018f   Thumb Code     0  startup_stm32f10x_hd.o(.text)
    TIM8_UP_IRQHandler                       0x0800018f   Thumb Code     0  startup_stm32f10x_hd.o(.text)
    UART4_IRQHandler                         0x0800018f   Thumb Code     0  startup_stm32f10x_hd.o(.text)
    UART5_IRQHandler                         0x0800018f   Thumb Code     0  startup_stm32f10x_hd.o(.text)
    USART2_IRQHandler                        0x0800018f   Thumb Code     0  startup_stm32f10x_hd.o(.text)
    USART3_IRQHandler                        0x0800018f   Thumb Code     0  startup_stm32f10x_hd.o(.text)
    USBWakeUp_IRQHandler                     0x0800018f   Thumb Code     0  startup_stm32f10x_hd.o(.text)
    USB_HP_CAN1_TX_IRQHandler                0x0800018f   Thumb Code     0  startup_stm32f10x_hd.o(.text)
    USB_LP_CAN1_RX0_IRQHandler               0x0800018f   Thumb Code     0  startup_stm32f10x_hd.o(.text)
    WWDG_IRQHandler                          0x0800018f   Thumb Code     0  startup_stm32f10x_hd.o(.text)
    Action_SendAck                           0x08000195   Thumb Code    18  actionprocess.o(.text)
    Action_PacketProcess                     0x080001a7   Thumb Code   358  actionprocess.o(.text)
    STMFLASH_Unlock                          0x08000329   Thumb Code    18  stmflash.o(.text)
    STMFLASH_Lock                            0x0800033b   Thumb Code    12  stmflash.o(.text)
    STMFLASH_GetStatus                       0x08000347   Thumb Code    32  stmflash.o(.text)
    STMFLASH_WaitDone                        0x08000367   Thumb Code    24  stmflash.o(.text)
    STMFLASH_ErasePage                       0x0800037f   Thumb Code    58  stmflash.o(.text)
    STMFLASH_WriteHalfWord                   0x080003b9   Thumb Code    54  stmflash.o(.text)
    STMFLASH_ReadHalfWord                    0x080003ef   Thumb Code     4  stmflash.o(.text)
    STMFLASH_Write_NoCheck                   0x080003f3   Thumb Code    36  stmflash.o(.text)
    STMFLASH_Read                            0x08000417   Thumb Code    22  stmflash.o(.text)
    STMFLASH_EraseAll                        0x0800042d   Thumb Code    38  stmflash.o(.text)
    STMFLASH_Write_Char                      0x08000453   Thumb Code    60  stmflash.o(.text)
    ReceiveError                             0x080004a1   Thumb Code    16  communcation.o(.text)
    CalculateCheckSum                        0x080004b1   Thumb Code    40  communcation.o(.text)
    COMM_Parsing                             0x0800050f   Thumb Code   198  communcation.o(.text)
    COMM_BuildAndSendPacket                  0x080005d5   Thumb Code    92  communcation.o(.text)
    CRC32                                    0x08000635   Thumb Code    36  crc32.o(.text)
    FirmwareMange_Check                      0x0800065d   Thumb Code    38  firmwaremanage.o(.text)
    FirmwareMange_RunFirmware                0x08000683   Thumb Code    10  firmwaremanage.o(.text)
    FirmwareMange_WriteFirmwareInfo          0x0800068d   Thumb Code    60  firmwaremanage.o(.text)
    FirmwareMange_ReadFirmwareInfo           0x080006c9   Thumb Code    60  firmwaremanage.o(.text)
    FirmwareMange_WriteFirmware              0x08000705   Thumb Code    96  firmwaremanage.o(.text)
    UartSendData                             0x0800078d   Thumb Code    16  usart.o(.text)
    USART1_IRQHandler                        0x0800079d   Thumb Code    22  usart.o(.text)
    UartSendString                           0x080007b3   Thumb Code    24  usart.o(.text)
    uart_init                                0x080007cb   Thumb Code   168  usart.o(.text)
    MY_NVIC_SetVectorTable                   0x08000885   Thumb Code    12  sys.o(.text)
    MY_NVIC_PriorityGroupConfig              0x08000891   Thumb Code    28  sys.o(.text)
    MY_NVIC_Init                             0x080008ad   Thumb Code    74  sys.o(.text)
    Ex_NVIC_Config                           0x080008f7   Thumb Code    84  sys.o(.text)
    MYRCC_DeInit                             0x0800094b   Thumb Code    62  sys.o(.text)
    __aeabi_memcpy                           0x080009a9   Thumb Code    36  memcpya.o(.text)
    __aeabi_memcpy4                          0x080009a9   Thumb Code     0  memcpya.o(.text)
    __aeabi_memcpy8                          0x080009a9   Thumb Code     0  memcpya.o(.text)
    __aeabi_fadd                             0x080009cd   Thumb Code   164  fadd.o(.text)
    __aeabi_fsub                             0x08000a71   Thumb Code     6  fadd.o(.text)
    __aeabi_frsub                            0x08000a77   Thumb Code     6  fadd.o(.text)
    __aeabi_fdiv                             0x08000a7d   Thumb Code   124  fdiv.o(.text)
    __ARM_scalbnf                            0x08000af9   Thumb Code    24  fscalb.o(.text)
    scalbnf                                  0x08000af9   Thumb Code     0  fscalb.o(.text)
    __aeabi_ui2f                             0x08000b11   Thumb Code    10  ffltui.o(.text)
    __aeabi_f2uiz                            0x08000b1b   Thumb Code    40  ffixui.o(.text)
    __I$use$fp                               0x08000b43   Thumb Code     0  iusefp.o(.text)
    _float_round                             0x08000b43   Thumb Code    18  fepilogue.o(.text)
    _float_epilogue                          0x08000b55   Thumb Code    92  fepilogue.o(.text)
    __scatterload                            0x08000bb1   Thumb Code    28  init.o(.text)
    __scatterload_rt2                        0x08000bb1   Thumb Code     0  init.o(.text)
    __scatterload_copy                       0x08000bd5   Thumb Code    14  handlers.o(i.__scatterload_copy)
    __scatterload_null                       0x08000be3   Thumb Code     2  handlers.o(i.__scatterload_null)
    __scatterload_zeroinit                   0x08000be5   Thumb Code    14  handlers.o(i.__scatterload_zeroinit)
    Region$$Table$$Base                      0x08000ff4   Number         0  anon$$obj.o(Region$$Table)
    Region$$Table$$Limit                     0x08001004   Number         0  anon$$obj.o(Region$$Table)
    comParsing                               0x20000000   Data        1052  main.o(.bss)
    firmwareWrite                            0x2000041c   Data          16  actionprocess.o(.bss)
    firmwareInfo                             0x2000042c   Data         116  actionprocess.o(.bss)
    packet                                   0x200004a0   Data        1036  actionprocess.o(.bss)
    escBuf                                   0x200008ac   Data        2068  communcation.o(.bss)
    __initial_sp                             0x200018c0   Data           0  startup_stm32f10x_hd.o(STACK)



==============================================================================

Memory Map of the image

  Image Entry point : 0x08000131

  Load Region LR_IROM1 (Base: 0x08000000, Size: 0x00001004, Max: 0x00010000, ABSOLUTE)

    Execution Region ER_IROM1 (Base: 0x08000000, Size: 0x00001004, Max: 0x00010000, ABSOLUTE)

    Base Addr    Size         Type   Attr      Idx    E Section Name        Object

    0x08000000   0x00000130   Data   RO           70    RESET               startup_stm32f10x_hd.o
    0x08000130   0x00000000   Code   RO          283  * .ARM.Collect$$$$00000000  mc_w.l(entry.o)
    0x08000130   0x00000004   Code   RO          300    .ARM.Collect$$$$00000001  mc_w.l(entry2.o)
    0x08000134   0x00000004   Code   RO          303    .ARM.Collect$$$$00000004  mc_w.l(entry5.o)
    0x08000138   0x00000000   Code   RO          305    .ARM.Collect$$$$00000008  mc_w.l(entry7b.o)
    0x08000138   0x00000000   Code   RO          307    .ARM.Collect$$$$0000000A  mc_w.l(entry8b.o)
    0x08000138   0x00000008   Code   RO          308    .ARM.Collect$$$$0000000B  mc_w.l(entry9a.o)
    0x08000140   0x00000000   Code   RO          310    .ARM.Collect$$$$0000000D  mc_w.l(entry10a.o)
    0x08000140   0x00000000   Code   RO          312    .ARM.Collect$$$$0000000F  mc_w.l(entry11a.o)
    0x08000140   0x00000004   Code   RO          301    .ARM.Collect$$$$00002712  mc_w.l(entry2.o)
    0x08000144   0x00000034   Code   RO            4    .text               main.o
    0x08000178   0x0000001c   Code   RO           71    .text               startup_stm32f10x_hd.o
    0x08000194   0x00000194   Code   RO           78    .text               actionprocess.o
    0x08000328   0x00000178   Code   RO          118    .text               stmflash.o
    0x080004a0   0x00000194   Code   RO          143    .text               communcation.o
    0x08000634   0x00000028   Code   RO          177    .text               crc32.o
    0x0800065c   0x00000130   Code   RO          206    .text               firmwaremanage.o
    0x0800078c   0x000000f8   Code   RO          236    .text               usart.o
    0x08000884   0x00000124   Code   RO          261    .text               sys.o
    0x080009a8   0x00000024   Code   RO          286    .text               mc_w.l(memcpya.o)
    0x080009cc   0x000000b0   Code   RO          290    .text               mf_w.l(fadd.o)
    0x08000a7c   0x0000007c   Code   RO          292    .text               mf_w.l(fdiv.o)
    0x08000af8   0x00000018   Code   RO          294    .text               mf_w.l(fscalb.o)
    0x08000b10   0x0000000a   Code   RO          296    .text               mf_w.l(ffltui.o)
    0x08000b1a   0x00000028   Code   RO          298    .text               mf_w.l(ffixui.o)
    0x08000b42   0x00000000   Code   RO          314    .text               mc_w.l(iusefp.o)
    0x08000b42   0x0000006e   Code   RO          315    .text               mf_w.l(fepilogue.o)
    0x08000bb0   0x00000024   Code   RO          317    .text               mc_w.l(init.o)
    0x08000bd4   0x0000000e   Code   RO          321    i.__scatterload_copy  mc_w.l(handlers.o)
    0x08000be2   0x00000002   Code   RO          322    i.__scatterload_null  mc_w.l(handlers.o)
    0x08000be4   0x0000000e   Code   RO          323    i.__scatterload_zeroinit  mc_w.l(handlers.o)
    0x08000bf2   0x00000002   PAD
    0x08000bf4   0x00000400   Data   RO          178    .constdata          crc32.o
    0x08000ff4   0x00000010   Data   RO          319    Region$$Table       anon$$obj.o


    Execution Region RW_IRAM1 (Base: 0x20000000, Size: 0x000018c0, Max: 0x00005000, ABSOLUTE)

    Base Addr    Size         Type   Attr      Idx    E Section Name        Object

    0x20000000   0x0000041c   Zero   RW            5    .bss                main.o
    0x2000041c   0x00000490   Zero   RW           79    .bss                actionprocess.o
    0x200008ac   0x00000814   Zero   RW          144    .bss                communcation.o
    0x200010c0   0x00000800   Zero   RW           68    STACK               startup_stm32f10x_hd.o


==============================================================================

Image component sizes


      Code (inc. data)   RO Data    RW Data    ZI Data      Debug   Object Name

       404         36          0          0       1168       3072   actionprocess.o
       404         10          0          0       2068       2909   communcation.o
        40          4       1024          0          0       1180   crc32.o
       304          8          0          0          0       5983   firmwaremanage.o
        52          4          0          0       1052     207715   main.o
        28          4        304          0       2048        784   startup_stm32f10x_hd.o
       376         18          0          0          0       4046   stmflash.o
       292         32          0          0          0       1996   sys.o
       248         18          0          0          0       1676   usart.o

    ----------------------------------------------------------------------
      2148        134       1344          0       6336     229361   Object Totals
         0          0         16          0          0          0   (incl. Generated)
         0          0          0          0          0          0   (incl. Padding)

    ----------------------------------------------------------------------

      Code (inc. data)   RO Data    RW Data    ZI Data      Debug   Library Member Name

         0          0          0          0          0          0   entry.o
         0          0          0          0          0          0   entry10a.o
         0          0          0          0          0          0   entry11a.o
         8          4          0          0          0          0   entry2.o
         4          0          0          0          0          0   entry5.o
         0          0          0          0          0          0   entry7b.o
         0          0          0          0          0          0   entry8b.o
         8          4          0          0          0          0   entry9a.o
        30          0          0          0          0          0   handlers.o
        36          8          0          0          0         68   init.o
         0          0          0          0          0          0   iusefp.o
        36          0          0          0          0         68   memcpya.o
       176          0          0          0          0        140   fadd.o
       124          0          0          0          0         88   fdiv.o
       110          0          0          0          0        168   fepilogue.o
        40          0          0          0          0         68   ffixui.o
        10          0          0          0          0         68   ffltui.o
        24          0          0          0          0         68   fscalb.o

    ----------------------------------------------------------------------
       608         16          0          0          0        736   Library Totals
         2          0          0          0          0          0   (incl. Padding)

    ----------------------------------------------------------------------

      Code (inc. data)   RO Data    RW Data    ZI Data      Debug   Library Name

       122         16          0          0          0        136   mc_w.l
       484          0          0          0          0        600   mf_w.l

    ----------------------------------------------------------------------
       608         16          0          0          0        736   Library Totals

    ----------------------------------------------------------------------

==============================================================================


      Code (inc. data)   RO Data    RW Data    ZI Data      Debug   

      2756        150       1344          0       6336     229261   Grand Totals
      2756        150       1344          0       6336     229261   ELF Image Totals
      2756        150       1344          0          0          0   ROM Totals

==============================================================================

    Total RO  Size (Code + RO Data)                 4100 (   4.00kB)
    Total RW  Size (RW Data + ZI Data)              6336 (   6.19kB)
    Total ROM Size (Code + RO Data + RW Data)       4100 (   4.00kB)

==============================================================================

